Building Lacesong for Development...
Cleaning previous builds...
Build started 9/22/2025 9:17:45 PM.
     1>Project "C:\Users\darre\lacesong\Lacesong.sln" on node 1 (Clean target(s)).
     1>ValidateSolutionConfiguration:
         Building solution configuration "Debug|Any CPU".
     1>Project "C:\Users\darre\lacesong\Lacesong.sln" (1) is building "C:\Users\darre\lacesong\src\Lacesong.WPF\Lacesong.WPF.csproj" (5) on node 5 (Clean target(s)).
     5>CoreClean:
         Deleting file "C:\Users\darre\lacesong\src\Lacesong.WPF\obj\Debug\net9.0-windows\win-x64\Lacesong.WPF.csproj.AssemblyReference.cache".
         Deleting file "C:\Users\darre\lacesong\src\Lacesong.WPF\obj\Debug\net9.0-windows\win-x64\Styles\Colors.baml".
         Deleting file "C:\Users\darre\lacesong\src\Lacesong.WPF\obj\Debug\net9.0-windows\win-x64\Styles\Controls.baml".
         Deleting file "C:\Users\darre\lacesong\src\Lacesong.WPF\obj\Debug\net9.0-windows\win-x64\Styles\Typography.baml".
         Deleting file "C:\Users\darre\lacesong\src\Lacesong.WPF\obj\Debug\net9.0-windows\win-x64\Views\ModSettingsPanel.baml".
         Deleting file "C:\Users\darre\lacesong\src\Lacesong.WPF\obj\Debug\net9.0-windows\win-x64\Views\BepInExInstallView.g.cs".
         Deleting file "C:\Users\darre\lacesong\src\Lacesong.WPF\obj\Debug\net9.0-windows\win-x64\Views\BrowseModsView.g.cs".
         Deleting file "C:\Users\darre\lacesong\src\Lacesong.WPF\obj\Debug\net9.0-windows\win-x64\Views\GameDetectionView.g.cs".
         Deleting file "C:\Users\darre\lacesong\src\Lacesong.WPF\obj\Debug\net9.0-windows\win-x64\Views\HomeView.g.cs".
         Deleting file "C:\Users\darre\lacesong\src\Lacesong.WPF\obj\Debug\net9.0-windows\win-x64\Views\MainWindow.g.cs".
         Deleting file "C:\Users\darre\lacesong\src\Lacesong.WPF\obj\Debug\net9.0-windows\win-x64\Views\ModCatalogView.g.cs".
     1>Project "C:\Users\darre\lacesong\Lacesong.sln" (1) is building "C:\Users\darre\lacesong\src\Lacesong.Core\Lacesong.Core.csproj" (4) on node 3 (Clean target(s)).
     4>CoreClean:
         Deleting file "C:\Users\darre\lacesong\src\Lacesong.Core\bin\Debug\net9.0\Lacesong.Core.deps.json".
     5>CoreClean:
         Deleting file "C:\Users\darre\lacesong\src\Lacesong.WPF\obj\Debug\net9.0-windows\win-x64\Views\ModDetailsDialog.g.cs".
     4>CoreClean:
         Deleting file "C:\Users\darre\lacesong\src\Lacesong.Core\bin\Debug\net9.0\Lacesong.Core.dll".
     5>CoreClean:
         Deleting file "C:\Users\darre\lacesong\src\Lacesong.WPF\obj\Debug\net9.0-windows\win-x64\Views\ModSettingsPanel.g.cs".
     4>CoreClean:
         Deleting file "C:\Users\darre\lacesong\src\Lacesong.Core\bin\Debug\net9.0\Lacesong.Core.pdb".
     5>CoreClean:
         Deleting file "C:\Users\darre\lacesong\src\Lacesong.WPF\obj\Debug\net9.0-windows\win-x64\Views\ModSettingsWindow.g.cs".
     4>CoreClean:
         Deleting file "C:\Users\darre\lacesong\src\Lacesong.Core\obj\Debug\net9.0\Lacesong.Core.csproj.AssemblyReference.cache".
     5>CoreClean:
         Deleting file "C:\Users\darre\lacesong\src\Lacesong.WPF\obj\Debug\net9.0-windows\win-x64\Views\SettingsView.g.cs".
     4>CoreClean:
         Deleting file "C:\Users\darre\lacesong\src\Lacesong.Core\obj\Debug\net9.0\Lacesong.Core.GeneratedMSBuildEditorConfig.editorconfig".
     5>CoreClean:
         Deleting file "C:\Users\darre\lacesong\src\Lacesong.WPF\obj\Debug\net9.0-windows\win-x64\App.g.cs".
     4>CoreClean:
         Deleting file "C:\Users\darre\lacesong\src\Lacesong.Core\obj\Debug\net9.0\Lacesong.Core.AssemblyInfoInputs.cache".
     5>CoreClean:
         Deleting file "C:\Users\darre\lacesong\src\Lacesong.WPF\obj\Debug\net9.0-windows\win-x64\GeneratedInternalTypeHelper.g.cs".
     4>CoreClean:
         Deleting file "C:\Users\darre\lacesong\src\Lacesong.Core\obj\Debug\net9.0\Lacesong.Core.AssemblyInfo.cs".
         Deleting file "C:\Users\darre\lacesong\src\Lacesong.Core\obj\Debug\net9.0\Lacesong.Core.csproj.CoreCompileInputs.cache".
     5>CoreClean:
         Deleting file "C:\Users\darre\lacesong\src\Lacesong.WPF\obj\Debug\net9.0-windows\win-x64\Lacesong.WPF_MarkupCompile.cache".
     4>CoreClean:
         Deleting file "C:\Users\darre\lacesong\src\Lacesong.Core\obj\Debug\net9.0\Lacesong.Core.sourcelink.json".
         Deleting file "C:\Users\darre\lacesong\src\Lacesong.Core\obj\Debug\net9.0\Lacesong.Core.dll".
     5>CoreClean:
         Deleting file "C:\Users\darre\lacesong\src\Lacesong.WPF\obj\Debug\net9.0-windows\win-x64\Lacesong.WPF_MarkupCompile.lref".
     4>CoreClean:
         Deleting file "C:\Users\darre\lacesong\src\Lacesong.Core\obj\Debug\net9.0\refint\Lacesong.Core.dll".
         Deleting file "C:\Users\darre\lacesong\src\Lacesong.Core\obj\Debug\net9.0\Lacesong.Core.pdb".
         Deleting file "C:\Users\darre\lacesong\src\Lacesong.Core\obj\Debug\net9.0\ref\Lacesong.Core.dll".
       _CleanPackageFiles:
         Deleting file "C:\Users\darre\lacesong\src\Lacesong.Core\bin\Debug\Lacesong.Core.1.0.0.nupkg".
         Deleting file "C:\Users\darre\lacesong\src\Lacesong.Core\obj\Debug\Lacesong.Core.1.0.0.nuspec".
     4>Done Building Project "C:\Users\darre\lacesong\src\Lacesong.Core\Lacesong.Core.csproj" (Clean target(s)).
     5>Done Building Project "C:\Users\darre\lacesong\src\Lacesong.WPF\Lacesong.WPF.csproj" (Clean target(s)).
     1>Done Building Project "C:\Users\darre\lacesong\Lacesong.sln" (Clean target(s)).

Build succeeded.
    0 Warning(s)
    0 Error(s)

Time Elapsed 00:00:00.59
Restoring packages...
  Determining projects to restore...
C:\Users\darre\lacesong\src\Lacesong.Core\Lacesong.Core.csproj : warning NU1903: Package 'Microsoft.Extensions.Caching.Memory' 8.0.0 has a known high severity vulnerability, https://github.com/advisories/GHSA-qj66-m88j-hmgj [C:\Users\darre\lacesong\Lacesong.sln]
C:\Users\darre\lacesong\src\Lacesong.WPF\Lacesong.WPF.csproj : warning NU1604: Project dependency System.Text.Json does not contain an inclusive lower bound. Include a lower bound in the dependency version to ensure consistent restore results. [C:\Users\darre\lacesong\Lacesong.sln]
C:\Users\darre\lacesong\tests\Lacesong.WPF.Tests\Lacesong.WPF.Tests.csproj : warning NU1602: Lacesong.WPF does not provide an inclusive lower bound for dependency System.Text.Json. System.Text.Json 1.0.0 was resolved instead. [C:\Users\darre\lacesong\Lacesong.sln]
C:\Users\darre\lacesong\src\Lacesong.WPF\Lacesong.WPF.csproj : warning NU1903: Package 'Microsoft.Extensions.Caching.Memory' 8.0.0 has a known high severity vulnerability, https://github.com/advisories/GHSA-qj66-m88j-hmgj [C:\Users\darre\lacesong\Lacesong.sln]
C:\Users\darre\lacesong\tests\Lacesong.WPF.Tests\Lacesong.WPF.Tests.csproj : warning NU1903: Package 'Microsoft.Extensions.Caching.Memory' 8.0.0 has a known high severity vulnerability, https://github.com/advisories/GHSA-qj66-m88j-hmgj [C:\Users\darre\lacesong\Lacesong.sln]
C:\Users\darre\lacesong\tests\Lacesong.WPF.Tests\Lacesong.WPF.Tests.csproj : warning NU1701: Package 'System.Text.Json 1.0.0' was restored using '.NETFramework,Version=v4.6.1, .NETFramework,Version=v4.6.2, .NETFramework,Version=v4.7, .NETFramework,Version=v4.7.1, .NETFramework,Version=v4.7.2, .NETFramework,Version=v4.8, .NETFramework,Version=v4.8.1' instead of the project target framework 'net9.0-windows7.0'. This package may not be fully compatible with your project. [C:\Users\darre\lacesong\Lacesong.sln]
C:\Users\darre\lacesong\src\Lacesong.WPF\Lacesong.WPF.csproj : warning NU1701: Package 'System.Text.Json 1.0.0' was restored using '.NETFramework,Version=v4.6.1, .NETFramework,Version=v4.6.2, .NETFramework,Version=v4.7, .NETFramework,Version=v4.7.1, .NETFramework,Version=v4.7.2, .NETFramework,Version=v4.8, .NETFramework,Version=v4.8.1' instead of the project target framework 'net9.0-windows7.0'. This package may not be fully compatible with your project. [C:\Users\darre\lacesong\Lacesong.sln]
  All projects are up-to-date for restore.
Building Core library...
C:\Users\darre\lacesong\src\Lacesong.Core\Lacesong.Core.csproj : warning NU1903: Package 'Microsoft.Extensions.Caching.Memory' 8.0.0 has a known high severity vulnerability, https://github.com/advisories/GHSA-qj66-m88j-hmgj
C:\Users\darre\lacesong\src\Lacesong.Core\Services\DependencyResolver.cs(150,120): warning CS1998: This async method lacks 'await' operators and will run synchronously. Consider using the 'await' operator to await non-blocking API calls, or 'await Task.Run(...)' to do CPU-bound work on a background thread. [C:\Users\darre\lacesong\src\Lacesong.Core\Lacesong.Core.csproj]
C:\Users\darre\lacesong\src\Lacesong.Core\Services\BepInExManager.cs(285,41): warning CS1998: This async method lacks 'await' operators and will run synchronously. Consider using the 'await' operator to await non-blocking API calls, or 'await Task.Run(...)' to do CPU-bound work on a background thread. [C:\Users\darre\lacesong\src\Lacesong.Core\Lacesong.Core.csproj]
C:\Users\darre\lacesong\src\Lacesong.Core\Services\GameDetector.cs(74,43): warning CS1998: This async method lacks 'await' operators and will run synchronously. Consider using the 'await' operator to await non-blocking API calls, or 'await Task.Run(...)' to do CPU-bound work on a background thread. [C:\Users\darre\lacesong\src\Lacesong.Core\Lacesong.Core.csproj]
C:\Users\darre\lacesong\src\Lacesong.Core\Services\InstallationStager.cs(20,42): warning CS1998: This async method lacks 'await' operators and will run synchronously. Consider using the 'await' operator to await non-blocking API calls, or 'await Task.Run(...)' to do CPU-bound work on a background thread. [C:\Users\darre\lacesong\src\Lacesong.Core\Lacesong.Core.csproj]
C:\Users\darre\lacesong\src\Lacesong.Core\Services\BackupManager.cs(216,40): warning CS1998: This async method lacks 'await' operators and will run synchronously. Consider using the 'await' operator to await non-blocking API calls, or 'await Task.Run(...)' to do CPU-bound work on a background thread. [C:\Users\darre\lacesong\src\Lacesong.Core\Lacesong.Core.csproj]
C:\Users\darre\lacesong\src\Lacesong.Core\Services\DependencyResolver.cs(338,41): warning CS1998: This async method lacks 'await' operators and will run synchronously. Consider using the 'await' operator to await non-blocking API calls, or 'await Task.Run(...)' to do CPU-bound work on a background thread. [C:\Users\darre\lacesong\src\Lacesong.Core\Lacesong.Core.csproj]
C:\Users\darre\lacesong\src\Lacesong.Core\Services\BepInExManager.cs(374,41): warning CS1998: This async method lacks 'await' operators and will run synchronously. Consider using the 'await' operator to await non-blocking API calls, or 'await Task.Run(...)' to do CPU-bound work on a background thread. [C:\Users\darre\lacesong\src\Lacesong.Core\Lacesong.Core.csproj]
C:\Users\darre\lacesong\src\Lacesong.Core\Services\BackupManager.cs(243,24): warning CS1998: This async method lacks 'await' operators and will run synchronously. Consider using the 'await' operator to await non-blocking API calls, or 'await Task.Run(...)' to do CPU-bound work on a background thread. [C:\Users\darre\lacesong\src\Lacesong.Core\Lacesong.Core.csproj]
C:\Users\darre\lacesong\src\Lacesong.Core\Services\GameDetector.cs(114,48): warning CS1998: This async method lacks 'await' operators and will run synchronously. Consider using the 'await' operator to await non-blocking API calls, or 'await Task.Run(...)' to do CPU-bound work on a background thread. [C:\Users\darre\lacesong\src\Lacesong.Core\Lacesong.Core.csproj]
C:\Users\darre\lacesong\src\Lacesong.Core\Services\ModIndexService.cs(34,9): warning CS4014: Because this call is not awaited, execution of the current method continues before the call is completed. Consider applying the 'await' operator to the result of the call. [C:\Users\darre\lacesong\src\Lacesong.Core\Lacesong.Core.csproj]
C:\Users\darre\lacesong\src\Lacesong.Core\Services\BackupManager.cs(276,24): warning CS1998: This async method lacks 'await' operators and will run synchronously. Consider using the 'await' operator to await non-blocking API calls, or 'await Task.Run(...)' to do CPU-bound work on a background thread. [C:\Users\darre\lacesong\src\Lacesong.Core\Lacesong.Core.csproj]
C:\Users\darre\lacesong\src\Lacesong.Core\Services\BackupManager.cs(318,24): warning CS1998: This async method lacks 'await' operators and will run synchronously. Consider using the 'await' operator to await non-blocking API calls, or 'await Task.Run(...)' to do CPU-bound work on a background thread. [C:\Users\darre\lacesong\src\Lacesong.Core\Lacesong.Core.csproj]
C:\Users\darre\lacesong\src\Lacesong.Core\Services\BackupManager.cs(335,24): warning CS1998: This async method lacks 'await' operators and will run synchronously. Consider using the 'await' operator to await non-blocking API calls, or 'await Task.Run(...)' to do CPU-bound work on a background thread. [C:\Users\darre\lacesong\src\Lacesong.Core\Lacesong.Core.csproj]
C:\Users\darre\lacesong\src\Lacesong.Core\Services\InstallationStager.cs(195,40): warning CS1998: This async method lacks 'await' operators and will run synchronously. Consider using the 'await' operator to await non-blocking API calls, or 'await Task.Run(...)' to do CPU-bound work on a background thread. [C:\Users\darre\lacesong\src\Lacesong.Core\Lacesong.Core.csproj]
C:\Users\darre\lacesong\src\Lacesong.Core\Services\InstallationStager.cs(241,40): warning CS1998: This async method lacks 'await' operators and will run synchronously. Consider using the 'await' operator to await non-blocking API calls, or 'await Task.Run(...)' to do CPU-bound work on a background thread. [C:\Users\darre\lacesong\src\Lacesong.Core\Lacesong.Core.csproj]
C:\Users\darre\lacesong\src\Lacesong.Core\Services\InstallationStager.cs(268,40): warning CS1998: This async method lacks 'await' operators and will run synchronously. Consider using the 'await' operator to await non-blocking API calls, or 'await Task.Run(...)' to do CPU-bound work on a background thread. [C:\Users\darre\lacesong\src\Lacesong.Core\Lacesong.Core.csproj]
C:\Users\darre\lacesong\src\Lacesong.Core\Services\VerificationService.cs(268,41): warning CS1998: This async method lacks 'await' operators and will run synchronously. Consider using the 'await' operator to await non-blocking API calls, or 'await Task.Run(...)' to do CPU-bound work on a background thread. [C:\Users\darre\lacesong\src\Lacesong.Core\Lacesong.Core.csproj]
C:\Users\darre\lacesong\src\Lacesong.Core\Services\BackupManager.cs(368,24): warning CS1998: This async method lacks 'await' operators and will run synchronously. Consider using the 'await' operator to await non-blocking API calls, or 'await Task.Run(...)' to do CPU-bound work on a background thread. [C:\Users\darre\lacesong\src\Lacesong.Core\Lacesong.Core.csproj]
C:\Users\darre\lacesong\src\Lacesong.Core\Services\GameDetector.cs(250,48): warning CS1998: This async method lacks 'await' operators and will run synchronously. Consider using the 'await' operator to await non-blocking API calls, or 'await Task.Run(...)' to do CPU-bound work on a background thread. [C:\Users\darre\lacesong\src\Lacesong.Core\Lacesong.Core.csproj]
C:\Users\darre\lacesong\src\Lacesong.Core\Services\BackupManager.cs(420,24): warning CS1998: This async method lacks 'await' operators and will run synchronously. Consider using the 'await' operator to await non-blocking API calls, or 'await Task.Run(...)' to do CPU-bound work on a background thread. [C:\Users\darre\lacesong\src\Lacesong.Core\Lacesong.Core.csproj]
C:\Users\darre\lacesong\src\Lacesong.Core\Services\GameDetector.cs(326,48): warning CS1998: This async method lacks 'await' operators and will run synchronously. Consider using the 'await' operator to await non-blocking API calls, or 'await Task.Run(...)' to do CPU-bound work on a background thread. [C:\Users\darre\lacesong\src\Lacesong.Core\Lacesong.Core.csproj]
C:\Users\darre\lacesong\src\Lacesong.Core\Services\ThunderstoreApiService.cs(54,63): warning CS8600: Converting null literal or possible null value to non-nullable type. [C:\Users\darre\lacesong\src\Lacesong.Core\Lacesong.Core.csproj]
C:\Users\darre\lacesong\src\Lacesong.Core\Services\ThunderstoreApiService.cs(56,20): warning CS8603: Possible null reference return. [C:\Users\darre\lacesong\src\Lacesong.Core\Lacesong.Core.csproj]
C:\Users\darre\lacesong\src\Lacesong.Core\Services\ThunderstoreApiService.cs(69,53): warning CS8600: Converting null literal or possible null value to non-nullable type. [C:\Users\darre\lacesong\src\Lacesong.Core\Lacesong.Core.csproj]
C:\Users\darre\lacesong\src\Lacesong.Core\Services\ThunderstoreApiService.cs(69,20): warning CS8603: Possible null reference return. [C:\Users\darre\lacesong\src\Lacesong.Core\Lacesong.Core.csproj]
C:\Users\darre\lacesong\src\Lacesong.Core\Services\ThunderstoreApiService.cs(81,46): warning CS8600: Converting null literal or possible null value to non-nullable type. [C:\Users\darre\lacesong\src\Lacesong.Core\Lacesong.Core.csproj]
C:\Users\darre\lacesong\src\Lacesong.Core\Services\GameDetector.cs(395,48): warning CS1998: This async method lacks 'await' operators and will run synchronously. Consider using the 'await' operator to await non-blocking API calls, or 'await Task.Run(...)' to do CPU-bound work on a background thread. [C:\Users\darre\lacesong\src\Lacesong.Core\Lacesong.Core.csproj]
C:\Users\darre\lacesong\src\Lacesong.Core\Services\CompatibilityService.cs(219,50): warning CS1998: This async method lacks 'await' operators and will run synchronously. Consider using the 'await' operator to await non-blocking API calls, or 'await Task.Run(...)' to do CPU-bound work on a background thread. [C:\Users\darre\lacesong\src\Lacesong.Core\Lacesong.Core.csproj]
C:\Users\darre\lacesong\src\Lacesong.Core\Services\PermissionsService.cs(215,30): warning CS1998: This async method lacks 'await' operators and will run synchronously. Consider using the 'await' operator to await non-blocking API calls, or 'await Task.Run(...)' to do CPU-bound work on a background thread. [C:\Users\darre\lacesong\src\Lacesong.Core\Lacesong.Core.csproj]
C:\Users\darre\lacesong\src\Lacesong.Core\Services\ConflictDetectionService.cs(400,45): warning CS1998: This async method lacks 'await' operators and will run synchronously. Consider using the 'await' operator to await non-blocking API calls, or 'await Task.Run(...)' to do CPU-bound work on a background thread. [C:\Users\darre\lacesong\src\Lacesong.Core\Lacesong.Core.csproj]
C:\Users\darre\lacesong\src\Lacesong.Core\Services\CompatibilityService.cs(268,50): warning CS1998: This async method lacks 'await' operators and will run synchronously. Consider using the 'await' operator to await non-blocking API calls, or 'await Task.Run(...)' to do CPU-bound work on a background thread. [C:\Users\darre\lacesong\src\Lacesong.Core\Lacesong.Core.csproj]
C:\Users\darre\lacesong\src\Lacesong.Core\Services\ModConfigService.cs(357,32): warning CS1998: This async method lacks 'await' operators and will run synchronously. Consider using the 'await' operator to await non-blocking API calls, or 'await Task.Run(...)' to do CPU-bound work on a background thread. [C:\Users\darre\lacesong\src\Lacesong.Core\Lacesong.Core.csproj]
C:\Users\darre\lacesong\src\Lacesong.Core\Services\ConflictDetectionService.cs(427,45): warning CS1998: This async method lacks 'await' operators and will run synchronously. Consider using the 'await' operator to await non-blocking API calls, or 'await Task.Run(...)' to do CPU-bound work on a background thread. [C:\Users\darre\lacesong\src\Lacesong.Core\Lacesong.Core.csproj]
C:\Users\darre\lacesong\src\Lacesong.Core\Services\ModConfigService.cs(382,32): warning CS1998: This async method lacks 'await' operators and will run synchronously. Consider using the 'await' operator to await non-blocking API calls, or 'await Task.Run(...)' to do CPU-bound work on a background thread. [C:\Users\darre\lacesong\src\Lacesong.Core\Lacesong.Core.csproj]
C:\Users\darre\lacesong\src\Lacesong.Core\Services\ConflictDetectionService.cs(446,45): warning CS1998: This async method lacks 'await' operators and will run synchronously. Consider using the 'await' operator to await non-blocking API calls, or 'await Task.Run(...)' to do CPU-bound work on a background thread. [C:\Users\darre\lacesong\src\Lacesong.Core\Lacesong.Core.csproj]
C:\Users\darre\lacesong\src\Lacesong.Core\Services\ModConfigService.cs(389,32): warning CS1998: This async method lacks 'await' operators and will run synchronously. Consider using the 'await' operator to await non-blocking API calls, or 'await Task.Run(...)' to do CPU-bound work on a background thread. [C:\Users\darre\lacesong\src\Lacesong.Core\Lacesong.Core.csproj]
C:\Users\darre\lacesong\src\Lacesong.Core\Services\ConflictDetectionService.cs(471,45): warning CS1998: This async method lacks 'await' operators and will run synchronously. Consider using the 'await' operator to await non-blocking API calls, or 'await Task.Run(...)' to do CPU-bound work on a background thread. [C:\Users\darre\lacesong\src\Lacesong.Core\Lacesong.Core.csproj]
C:\Users\darre\lacesong\src\Lacesong.Core\Services\ConflictDetectionService.cs(490,50): warning CS1998: This async method lacks 'await' operators and will run synchronously. Consider using the 'await' operator to await non-blocking API calls, or 'await Task.Run(...)' to do CPU-bound work on a background thread. [C:\Users\darre\lacesong\src\Lacesong.Core\Lacesong.Core.csproj]
C:\Users\darre\lacesong\src\Lacesong.Core\Services\ModConfigService.cs(501,32): warning CS1998: This async method lacks 'await' operators and will run synchronously. Consider using the 'await' operator to await non-blocking API calls, or 'await Task.Run(...)' to do CPU-bound work on a background thread. [C:\Users\darre\lacesong\src\Lacesong.Core\Lacesong.Core.csproj]
C:\Users\darre\lacesong\src\Lacesong.Core\Services\ConflictDetectionService.cs(523,50): warning CS1998: This async method lacks 'await' operators and will run synchronously. Consider using the 'await' operator to await non-blocking API calls, or 'await Task.Run(...)' to do CPU-bound work on a background thread. [C:\Users\darre\lacesong\src\Lacesong.Core\Lacesong.Core.csproj]
C:\Users\darre\lacesong\src\Lacesong.Core\Services\ConflictDetectionService.cs(546,50): warning CS1998: This async method lacks 'await' operators and will run synchronously. Consider using the 'await' operator to await non-blocking API calls, or 'await Task.Run(...)' to do CPU-bound work on a background thread. [C:\Users\darre\lacesong\src\Lacesong.Core\Lacesong.Core.csproj]
C:\Users\darre\lacesong\src\Lacesong.Core\Services\ConflictDetectionService.cs(569,50): warning CS1998: This async method lacks 'await' operators and will run synchronously. Consider using the 'await' operator to await non-blocking API calls, or 'await Task.Run(...)' to do CPU-bound work on a background thread. [C:\Users\darre\lacesong\src\Lacesong.Core\Lacesong.Core.csproj]
C:\Users\darre\lacesong\src\Lacesong.Core\Services\ConflictDetectionService.cs(592,50): warning CS1998: This async method lacks 'await' operators and will run synchronously. Consider using the 'await' operator to await non-blocking API calls, or 'await Task.Run(...)' to do CPU-bound work on a background thread. [C:\Users\darre\lacesong\src\Lacesong.Core\Lacesong.Core.csproj]
C:\Users\darre\lacesong\src\Lacesong.Core\Services\ConflictDetectionService.cs(641,41): warning CS1998: This async method lacks 'await' operators and will run synchronously. Consider using the 'await' operator to await non-blocking API calls, or 'await Task.Run(...)' to do CPU-bound work on a background thread. [C:\Users\darre\lacesong\src\Lacesong.Core\Lacesong.Core.csproj]
C:\Users\darre\lacesong\src\Lacesong.Core\Services\ConflictDetectionService.cs(647,41): warning CS1998: This async method lacks 'await' operators and will run synchronously. Consider using the 'await' operator to await non-blocking API calls, or 'await Task.Run(...)' to do CPU-bound work on a background thread. [C:\Users\darre\lacesong\src\Lacesong.Core\Lacesong.Core.csproj]
C:\Users\darre\lacesong\src\Lacesong.Core\Services\ConflictDetectionService.cs(653,41): warning CS1998: This async method lacks 'await' operators and will run synchronously. Consider using the 'await' operator to await non-blocking API calls, or 'await Task.Run(...)' to do CPU-bound work on a background thread. [C:\Users\darre\lacesong\src\Lacesong.Core\Lacesong.Core.csproj]
C:\Users\darre\lacesong\src\Lacesong.Core\Services\ConflictDetectionService.cs(659,41): warning CS1998: This async method lacks 'await' operators and will run synchronously. Consider using the 'await' operator to await non-blocking API calls, or 'await Task.Run(...)' to do CPU-bound work on a background thread. [C:\Users\darre\lacesong\src\Lacesong.Core\Lacesong.Core.csproj]
C:\Users\darre\lacesong\src\Lacesong.Core\Services\ConflictDetectionService.cs(665,41): warning CS1998: This async method lacks 'await' operators and will run synchronously. Consider using the 'await' operator to await non-blocking API calls, or 'await Task.Run(...)' to do CPU-bound work on a background thread. [C:\Users\darre\lacesong\src\Lacesong.Core\Lacesong.Core.csproj]
C:\Users\darre\lacesong\src\Lacesong.Core\Services\ConflictDetectionService.cs(671,42): warning CS1998: This async method lacks 'await' operators and will run synchronously. Consider using the 'await' operator to await non-blocking API calls, or 'await Task.Run(...)' to do CPU-bound work on a background thread. [C:\Users\darre\lacesong\src\Lacesong.Core\Lacesong.Core.csproj]
C:\Users\darre\lacesong\src\Lacesong.Core\Services\ModManager.cs(513,34): warning CS1998: This async method lacks 'await' operators and will run synchronously. Consider using the 'await' operator to await non-blocking API calls, or 'await Task.Run(...)' to do CPU-bound work on a background thread. [C:\Users\darre\lacesong\src\Lacesong.Core\Lacesong.Core.csproj]
C:\Users\darre\lacesong\src\Lacesong.Core\Services\ModManager.cs(734,41): warning CS1998: This async method lacks 'await' operators and will run synchronously. Consider using the 'await' operator to await non-blocking API calls, or 'await Task.Run(...)' to do CPU-bound work on a background thread. [C:\Users\darre\lacesong\src\Lacesong.Core\Lacesong.Core.csproj]
C:\Users\darre\lacesong\src\Lacesong.Core\Services\InstallationStager.cs(353,19): warning CA2022: Avoid inexact read with 'System.IO.Stream.ReadAsync(byte[], int, int)' (https://learn.microsoft.com/dotnet/fundamentals/code-analysis/quality-rules/ca2022) [C:\Users\darre\lacesong\src\Lacesong.Core\Lacesong.Core.csproj]
C:\Users\darre\lacesong\src\Lacesong.Core\Services\GameDetector.cs(515,29): warning CA1416: This call site is reachable on all platforms. 'RegistryKey.OpenSubKey(string)' is only supported on: 'windows'. (https://learn.microsoft.com/dotnet/fundamentals/code-analysis/quality-rules/ca1416) [C:\Users\darre\lacesong\src\Lacesong.Core\Lacesong.Core.csproj]
C:\Users\darre\lacesong\src\Lacesong.Core\Services\GameDetector.cs(516,24): warning CA1416: This call site is reachable on all platforms. 'RegistryKey.GetValue(string?)' is only supported on: 'windows'. (https://learn.microsoft.com/dotnet/fundamentals/code-analysis/quality-rules/ca1416) [C:\Users\darre\lacesong\src\Lacesong.Core\Lacesong.Core.csproj]
C:\Users\darre\lacesong\src\Lacesong.Core\Services\GameDetector.cs(515,29): warning CA1416: This call site is reachable on all platforms. 'Registry.LocalMachine' is only supported on: 'windows'. (https://learn.microsoft.com/dotnet/fundamentals/code-analysis/quality-rules/ca1416) [C:\Users\darre\lacesong\src\Lacesong.Core\Lacesong.Core.csproj]
C:\Users\darre\lacesong\src\Lacesong.Core\Services\GameDetector.cs(528,29): warning CA1416: This call site is reachable on all platforms. 'Registry.LocalMachine' is only supported on: 'windows'. (https://learn.microsoft.com/dotnet/fundamentals/code-analysis/quality-rules/ca1416) [C:\Users\darre\lacesong\src\Lacesong.Core\Lacesong.Core.csproj]
C:\Users\darre\lacesong\src\Lacesong.Core\Services\GameDetector.cs(529,24): warning CA1416: This call site is reachable on all platforms. 'RegistryKey.GetValue(string?)' is only supported on: 'windows'. (https://learn.microsoft.com/dotnet/fundamentals/code-analysis/quality-rules/ca1416) [C:\Users\darre\lacesong\src\Lacesong.Core\Lacesong.Core.csproj]
C:\Users\darre\lacesong\src\Lacesong.Core\Services\GameDetector.cs(528,29): warning CA1416: This call site is reachable on all platforms. 'RegistryKey.OpenSubKey(string)' is only supported on: 'windows'. (https://learn.microsoft.com/dotnet/fundamentals/code-analysis/quality-rules/ca1416) [C:\Users\darre\lacesong\src\Lacesong.Core\Lacesong.Core.csproj]
C:\Users\darre\lacesong\src\Lacesong.Core\Services\GameDetector.cs(552,33): warning CA1416: This call site is reachable on all platforms. 'Registry.LocalMachine' is only supported on: 'windows'. (https://learn.microsoft.com/dotnet/fundamentals/code-analysis/quality-rules/ca1416) [C:\Users\darre\lacesong\src\Lacesong.Core\Lacesong.Core.csproj]
C:\Users\darre\lacesong\src\Lacesong.Core\Services\GameDetector.cs(553,39): warning CA1416: This call site is reachable on all platforms. 'RegistryKey.GetValue(string?)' is only supported on: 'windows'. (https://learn.microsoft.com/dotnet/fundamentals/code-analysis/quality-rules/ca1416) [C:\Users\darre\lacesong\src\Lacesong.Core\Lacesong.Core.csproj]
C:\Users\darre\lacesong\src\Lacesong.Core\Services\GameDetector.cs(552,33): warning CA1416: This call site is reachable on all platforms. 'RegistryKey.OpenSubKey(string)' is only supported on: 'windows'. (https://learn.microsoft.com/dotnet/fundamentals/code-analysis/quality-rules/ca1416) [C:\Users\darre\lacesong\src\Lacesong.Core\Lacesong.Core.csproj]
C:\Users\darre\lacesong\src\Lacesong.Core\Services\GameDetector.cs(651,54): warning CA1416: This call site is reachable on all platforms. 'RegistryKey.GetValue(string?)' is only supported on: 'windows'. (https://learn.microsoft.com/dotnet/fundamentals/code-analysis/quality-rules/ca1416) [C:\Users\darre\lacesong\src\Lacesong.Core\Lacesong.Core.csproj]
C:\Users\darre\lacesong\src\Lacesong.Core\Services\GameDetector.cs(650,48): warning CA1416: This call site is reachable on all platforms. 'RegistryKey.OpenSubKey(string)' is only supported on: 'windows'. (https://learn.microsoft.com/dotnet/fundamentals/code-analysis/quality-rules/ca1416) [C:\Users\darre\lacesong\src\Lacesong.Core\Lacesong.Core.csproj]
C:\Users\darre\lacesong\src\Lacesong.Core\Services\GameDetector.cs(641,33): warning CA1416: This call site is reachable on all platforms. 'Registry.LocalMachine' is only supported on: 'windows'. (https://learn.microsoft.com/dotnet/fundamentals/code-analysis/quality-rules/ca1416) [C:\Users\darre\lacesong\src\Lacesong.Core\Lacesong.Core.csproj]
C:\Users\darre\lacesong\src\Lacesong.Core\Services\GameDetector.cs(645,39): warning CA1416: This call site is reachable on all platforms. 'RegistryKey.GetSubKeyNames()' is only supported on: 'windows'. (https://learn.microsoft.com/dotnet/fundamentals/code-analysis/quality-rules/ca1416) [C:\Users\darre\lacesong\src\Lacesong.Core\Lacesong.Core.csproj]
C:\Users\darre\lacesong\src\Lacesong.Core\Services\GameDetector.cs(641,33): warning CA1416: This call site is reachable on all platforms. 'RegistryKey.OpenSubKey(string)' is only supported on: 'windows'. (https://learn.microsoft.com/dotnet/fundamentals/code-analysis/quality-rules/ca1416) [C:\Users\darre\lacesong\src\Lacesong.Core\Lacesong.Core.csproj]
  Lacesong.Core -> C:\Users\darre\lacesong\src\Lacesong.Core\bin\Debug\net9.0\Lacesong.Core.dll
C:\Users\darre\lacesong\src\Lacesong.Core\Lacesong.Core.csproj : warning NU1903: Package 'Microsoft.Extensions.Caching.Memory' 8.0.0 has a known high severity vulnerability, https://github.com/advisories/GHSA-qj66-m88j-hmgj
  The package Lacesong.Core.1.0.0 is missing a readme. Go to https://aka.ms/nuget/authoring-best-practices/readme to learn why package readmes are important.
  Successfully created package 'C:\Users\darre\lacesong\src\Lacesong.Core\bin\Debug\Lacesong.Core.1.0.0.nupkg'.

Build succeeded.

C:\Users\darre\lacesong\src\Lacesong.Core\Lacesong.Core.csproj : warning NU1903: Package 'Microsoft.Extensions.Caching.Memory' 8.0.0 has a known high severity vulnerability, https://github.com/advisories/GHSA-qj66-m88j-hmgj
C:\Users\darre\lacesong\src\Lacesong.Core\Services\DependencyResolver.cs(150,120): warning CS1998: This async method lacks 'await' operators and will run synchronously. Consider using the 'await' operator to await non-blocking API calls, or 'await Task.Run(...)' to do CPU-bound work on a background thread. [C:\Users\darre\lacesong\src\Lacesong.Core\Lacesong.Core.csproj]
C:\Users\darre\lacesong\src\Lacesong.Core\Services\BepInExManager.cs(285,41): warning CS1998: This async method lacks 'await' operators and will run synchronously. Consider using the 'await' operator to await non-blocking API calls, or 'await Task.Run(...)' to do CPU-bound work on a background thread. [C:\Users\darre\lacesong\src\Lacesong.Core\Lacesong.Core.csproj]
C:\Users\darre\lacesong\src\Lacesong.Core\Services\GameDetector.cs(74,43): warning CS1998: This async method lacks 'await' operators and will run synchronously. Consider using the 'await' operator to await non-blocking API calls, or 'await Task.Run(...)' to do CPU-bound work on a background thread. [C:\Users\darre\lacesong\src\Lacesong.Core\Lacesong.Core.csproj]
C:\Users\darre\lacesong\src\Lacesong.Core\Services\InstallationStager.cs(20,42): warning CS1998: This async method lacks 'await' operators and will run synchronously. Consider using the 'await' operator to await non-blocking API calls, or 'await Task.Run(...)' to do CPU-bound work on a background thread. [C:\Users\darre\lacesong\src\Lacesong.Core\Lacesong.Core.csproj]
C:\Users\darre\lacesong\src\Lacesong.Core\Services\BackupManager.cs(216,40): warning CS1998: This async method lacks 'await' operators and will run synchronously. Consider using the 'await' operator to await non-blocking API calls, or 'await Task.Run(...)' to do CPU-bound work on a background thread. [C:\Users\darre\lacesong\src\Lacesong.Core\Lacesong.Core.csproj]
C:\Users\darre\lacesong\src\Lacesong.Core\Services\DependencyResolver.cs(338,41): warning CS1998: This async method lacks 'await' operators and will run synchronously. Consider using the 'await' operator to await non-blocking API calls, or 'await Task.Run(...)' to do CPU-bound work on a background thread. [C:\Users\darre\lacesong\src\Lacesong.Core\Lacesong.Core.csproj]
C:\Users\darre\lacesong\src\Lacesong.Core\Services\BepInExManager.cs(374,41): warning CS1998: This async method lacks 'await' operators and will run synchronously. Consider using the 'await' operator to await non-blocking API calls, or 'await Task.Run(...)' to do CPU-bound work on a background thread. [C:\Users\darre\lacesong\src\Lacesong.Core\Lacesong.Core.csproj]
C:\Users\darre\lacesong\src\Lacesong.Core\Services\BackupManager.cs(243,24): warning CS1998: This async method lacks 'await' operators and will run synchronously. Consider using the 'await' operator to await non-blocking API calls, or 'await Task.Run(...)' to do CPU-bound work on a background thread. [C:\Users\darre\lacesong\src\Lacesong.Core\Lacesong.Core.csproj]
C:\Users\darre\lacesong\src\Lacesong.Core\Services\GameDetector.cs(114,48): warning CS1998: This async method lacks 'await' operators and will run synchronously. Consider using the 'await' operator to await non-blocking API calls, or 'await Task.Run(...)' to do CPU-bound work on a background thread. [C:\Users\darre\lacesong\src\Lacesong.Core\Lacesong.Core.csproj]
C:\Users\darre\lacesong\src\Lacesong.Core\Services\ModIndexService.cs(34,9): warning CS4014: Because this call is not awaited, execution of the current method continues before the call is completed. Consider applying the 'await' operator to the result of the call. [C:\Users\darre\lacesong\src\Lacesong.Core\Lacesong.Core.csproj]
C:\Users\darre\lacesong\src\Lacesong.Core\Services\BackupManager.cs(276,24): warning CS1998: This async method lacks 'await' operators and will run synchronously. Consider using the 'await' operator to await non-blocking API calls, or 'await Task.Run(...)' to do CPU-bound work on a background thread. [C:\Users\darre\lacesong\src\Lacesong.Core\Lacesong.Core.csproj]
C:\Users\darre\lacesong\src\Lacesong.Core\Services\BackupManager.cs(318,24): warning CS1998: This async method lacks 'await' operators and will run synchronously. Consider using the 'await' operator to await non-blocking API calls, or 'await Task.Run(...)' to do CPU-bound work on a background thread. [C:\Users\darre\lacesong\src\Lacesong.Core\Lacesong.Core.csproj]
C:\Users\darre\lacesong\src\Lacesong.Core\Services\BackupManager.cs(335,24): warning CS1998: This async method lacks 'await' operators and will run synchronously. Consider using the 'await' operator to await non-blocking API calls, or 'await Task.Run(...)' to do CPU-bound work on a background thread. [C:\Users\darre\lacesong\src\Lacesong.Core\Lacesong.Core.csproj]
C:\Users\darre\lacesong\src\Lacesong.Core\Services\InstallationStager.cs(195,40): warning CS1998: This async method lacks 'await' operators and will run synchronously. Consider using the 'await' operator to await non-blocking API calls, or 'await Task.Run(...)' to do CPU-bound work on a background thread. [C:\Users\darre\lacesong\src\Lacesong.Core\Lacesong.Core.csproj]
C:\Users\darre\lacesong\src\Lacesong.Core\Services\InstallationStager.cs(241,40): warning CS1998: This async method lacks 'await' operators and will run synchronously. Consider using the 'await' operator to await non-blocking API calls, or 'await Task.Run(...)' to do CPU-bound work on a background thread. [C:\Users\darre\lacesong\src\Lacesong.Core\Lacesong.Core.csproj]
C:\Users\darre\lacesong\src\Lacesong.Core\Services\InstallationStager.cs(268,40): warning CS1998: This async method lacks 'await' operators and will run synchronously. Consider using the 'await' operator to await non-blocking API calls, or 'await Task.Run(...)' to do CPU-bound work on a background thread. [C:\Users\darre\lacesong\src\Lacesong.Core\Lacesong.Core.csproj]
C:\Users\darre\lacesong\src\Lacesong.Core\Services\VerificationService.cs(268,41): warning CS1998: This async method lacks 'await' operators and will run synchronously. Consider using the 'await' operator to await non-blocking API calls, or 'await Task.Run(...)' to do CPU-bound work on a background thread. [C:\Users\darre\lacesong\src\Lacesong.Core\Lacesong.Core.csproj]
C:\Users\darre\lacesong\src\Lacesong.Core\Services\BackupManager.cs(368,24): warning CS1998: This async method lacks 'await' operators and will run synchronously. Consider using the 'await' operator to await non-blocking API calls, or 'await Task.Run(...)' to do CPU-bound work on a background thread. [C:\Users\darre\lacesong\src\Lacesong.Core\Lacesong.Core.csproj]
C:\Users\darre\lacesong\src\Lacesong.Core\Services\GameDetector.cs(250,48): warning CS1998: This async method lacks 'await' operators and will run synchronously. Consider using the 'await' operator to await non-blocking API calls, or 'await Task.Run(...)' to do CPU-bound work on a background thread. [C:\Users\darre\lacesong\src\Lacesong.Core\Lacesong.Core.csproj]
C:\Users\darre\lacesong\src\Lacesong.Core\Services\BackupManager.cs(420,24): warning CS1998: This async method lacks 'await' operators and will run synchronously. Consider using the 'await' operator to await non-blocking API calls, or 'await Task.Run(...)' to do CPU-bound work on a background thread. [C:\Users\darre\lacesong\src\Lacesong.Core\Lacesong.Core.csproj]
C:\Users\darre\lacesong\src\Lacesong.Core\Services\GameDetector.cs(326,48): warning CS1998: This async method lacks 'await' operators and will run synchronously. Consider using the 'await' operator to await non-blocking API calls, or 'await Task.Run(...)' to do CPU-bound work on a background thread. [C:\Users\darre\lacesong\src\Lacesong.Core\Lacesong.Core.csproj]
C:\Users\darre\lacesong\src\Lacesong.Core\Services\ThunderstoreApiService.cs(54,63): warning CS8600: Converting null literal or possible null value to non-nullable type. [C:\Users\darre\lacesong\src\Lacesong.Core\Lacesong.Core.csproj]
C:\Users\darre\lacesong\src\Lacesong.Core\Services\ThunderstoreApiService.cs(56,20): warning CS8603: Possible null reference return. [C:\Users\darre\lacesong\src\Lacesong.Core\Lacesong.Core.csproj]
C:\Users\darre\lacesong\src\Lacesong.Core\Services\ThunderstoreApiService.cs(69,53): warning CS8600: Converting null literal or possible null value to non-nullable type. [C:\Users\darre\lacesong\src\Lacesong.Core\Lacesong.Core.csproj]
C:\Users\darre\lacesong\src\Lacesong.Core\Services\ThunderstoreApiService.cs(69,20): warning CS8603: Possible null reference return. [C:\Users\darre\lacesong\src\Lacesong.Core\Lacesong.Core.csproj]
C:\Users\darre\lacesong\src\Lacesong.Core\Services\ThunderstoreApiService.cs(81,46): warning CS8600: Converting null literal or possible null value to non-nullable type. [C:\Users\darre\lacesong\src\Lacesong.Core\Lacesong.Core.csproj]
C:\Users\darre\lacesong\src\Lacesong.Core\Services\GameDetector.cs(395,48): warning CS1998: This async method lacks 'await' operators and will run synchronously. Consider using the 'await' operator to await non-blocking API calls, or 'await Task.Run(...)' to do CPU-bound work on a background thread. [C:\Users\darre\lacesong\src\Lacesong.Core\Lacesong.Core.csproj]
C:\Users\darre\lacesong\src\Lacesong.Core\Services\CompatibilityService.cs(219,50): warning CS1998: This async method lacks 'await' operators and will run synchronously. Consider using the 'await' operator to await non-blocking API calls, or 'await Task.Run(...)' to do CPU-bound work on a background thread. [C:\Users\darre\lacesong\src\Lacesong.Core\Lacesong.Core.csproj]
C:\Users\darre\lacesong\src\Lacesong.Core\Services\PermissionsService.cs(215,30): warning CS1998: This async method lacks 'await' operators and will run synchronously. Consider using the 'await' operator to await non-blocking API calls, or 'await Task.Run(...)' to do CPU-bound work on a background thread. [C:\Users\darre\lacesong\src\Lacesong.Core\Lacesong.Core.csproj]
C:\Users\darre\lacesong\src\Lacesong.Core\Services\ConflictDetectionService.cs(400,45): warning CS1998: This async method lacks 'await' operators and will run synchronously. Consider using the 'await' operator to await non-blocking API calls, or 'await Task.Run(...)' to do CPU-bound work on a background thread. [C:\Users\darre\lacesong\src\Lacesong.Core\Lacesong.Core.csproj]
C:\Users\darre\lacesong\src\Lacesong.Core\Services\CompatibilityService.cs(268,50): warning CS1998: This async method lacks 'await' operators and will run synchronously. Consider using the 'await' operator to await non-blocking API calls, or 'await Task.Run(...)' to do CPU-bound work on a background thread. [C:\Users\darre\lacesong\src\Lacesong.Core\Lacesong.Core.csproj]
C:\Users\darre\lacesong\src\Lacesong.Core\Services\ModConfigService.cs(357,32): warning CS1998: This async method lacks 'await' operators and will run synchronously. Consider using the 'await' operator to await non-blocking API calls, or 'await Task.Run(...)' to do CPU-bound work on a background thread. [C:\Users\darre\lacesong\src\Lacesong.Core\Lacesong.Core.csproj]
C:\Users\darre\lacesong\src\Lacesong.Core\Services\ConflictDetectionService.cs(427,45): warning CS1998: This async method lacks 'await' operators and will run synchronously. Consider using the 'await' operator to await non-blocking API calls, or 'await Task.Run(...)' to do CPU-bound work on a background thread. [C:\Users\darre\lacesong\src\Lacesong.Core\Lacesong.Core.csproj]
C:\Users\darre\lacesong\src\Lacesong.Core\Services\ModConfigService.cs(382,32): warning CS1998: This async method lacks 'await' operators and will run synchronously. Consider using the 'await' operator to await non-blocking API calls, or 'await Task.Run(...)' to do CPU-bound work on a background thread. [C:\Users\darre\lacesong\src\Lacesong.Core\Lacesong.Core.csproj]
C:\Users\darre\lacesong\src\Lacesong.Core\Services\ConflictDetectionService.cs(446,45): warning CS1998: This async method lacks 'await' operators and will run synchronously. Consider using the 'await' operator to await non-blocking API calls, or 'await Task.Run(...)' to do CPU-bound work on a background thread. [C:\Users\darre\lacesong\src\Lacesong.Core\Lacesong.Core.csproj]
C:\Users\darre\lacesong\src\Lacesong.Core\Services\ModConfigService.cs(389,32): warning CS1998: This async method lacks 'await' operators and will run synchronously. Consider using the 'await' operator to await non-blocking API calls, or 'await Task.Run(...)' to do CPU-bound work on a background thread. [C:\Users\darre\lacesong\src\Lacesong.Core\Lacesong.Core.csproj]
C:\Users\darre\lacesong\src\Lacesong.Core\Services\ConflictDetectionService.cs(471,45): warning CS1998: This async method lacks 'await' operators and will run synchronously. Consider using the 'await' operator to await non-blocking API calls, or 'await Task.Run(...)' to do CPU-bound work on a background thread. [C:\Users\darre\lacesong\src\Lacesong.Core\Lacesong.Core.csproj]
C:\Users\darre\lacesong\src\Lacesong.Core\Services\ConflictDetectionService.cs(490,50): warning CS1998: This async method lacks 'await' operators and will run synchronously. Consider using the 'await' operator to await non-blocking API calls, or 'await Task.Run(...)' to do CPU-bound work on a background thread. [C:\Users\darre\lacesong\src\Lacesong.Core\Lacesong.Core.csproj]
C:\Users\darre\lacesong\src\Lacesong.Core\Services\ModConfigService.cs(501,32): warning CS1998: This async method lacks 'await' operators and will run synchronously. Consider using the 'await' operator to await non-blocking API calls, or 'await Task.Run(...)' to do CPU-bound work on a background thread. [C:\Users\darre\lacesong\src\Lacesong.Core\Lacesong.Core.csproj]
C:\Users\darre\lacesong\src\Lacesong.Core\Services\ConflictDetectionService.cs(523,50): warning CS1998: This async method lacks 'await' operators and will run synchronously. Consider using the 'await' operator to await non-blocking API calls, or 'await Task.Run(...)' to do CPU-bound work on a background thread. [C:\Users\darre\lacesong\src\Lacesong.Core\Lacesong.Core.csproj]
C:\Users\darre\lacesong\src\Lacesong.Core\Services\ConflictDetectionService.cs(546,50): warning CS1998: This async method lacks 'await' operators and will run synchronously. Consider using the 'await' operator to await non-blocking API calls, or 'await Task.Run(...)' to do CPU-bound work on a background thread. [C:\Users\darre\lacesong\src\Lacesong.Core\Lacesong.Core.csproj]
C:\Users\darre\lacesong\src\Lacesong.Core\Services\ConflictDetectionService.cs(569,50): warning CS1998: This async method lacks 'await' operators and will run synchronously. Consider using the 'await' operator to await non-blocking API calls, or 'await Task.Run(...)' to do CPU-bound work on a background thread. [C:\Users\darre\lacesong\src\Lacesong.Core\Lacesong.Core.csproj]
C:\Users\darre\lacesong\src\Lacesong.Core\Services\ConflictDetectionService.cs(592,50): warning CS1998: This async method lacks 'await' operators and will run synchronously. Consider using the 'await' operator to await non-blocking API calls, or 'await Task.Run(...)' to do CPU-bound work on a background thread. [C:\Users\darre\lacesong\src\Lacesong.Core\Lacesong.Core.csproj]
C:\Users\darre\lacesong\src\Lacesong.Core\Services\ConflictDetectionService.cs(641,41): warning CS1998: This async method lacks 'await' operators and will run synchronously. Consider using the 'await' operator to await non-blocking API calls, or 'await Task.Run(...)' to do CPU-bound work on a background thread. [C:\Users\darre\lacesong\src\Lacesong.Core\Lacesong.Core.csproj]
C:\Users\darre\lacesong\src\Lacesong.Core\Services\ConflictDetectionService.cs(647,41): warning CS1998: This async method lacks 'await' operators and will run synchronously. Consider using the 'await' operator to await non-blocking API calls, or 'await Task.Run(...)' to do CPU-bound work on a background thread. [C:\Users\darre\lacesong\src\Lacesong.Core\Lacesong.Core.csproj]
C:\Users\darre\lacesong\src\Lacesong.Core\Services\ConflictDetectionService.cs(653,41): warning CS1998: This async method lacks 'await' operators and will run synchronously. Consider using the 'await' operator to await non-blocking API calls, or 'await Task.Run(...)' to do CPU-bound work on a background thread. [C:\Users\darre\lacesong\src\Lacesong.Core\Lacesong.Core.csproj]
C:\Users\darre\lacesong\src\Lacesong.Core\Services\ConflictDetectionService.cs(659,41): warning CS1998: This async method lacks 'await' operators and will run synchronously. Consider using the 'await' operator to await non-blocking API calls, or 'await Task.Run(...)' to do CPU-bound work on a background thread. [C:\Users\darre\lacesong\src\Lacesong.Core\Lacesong.Core.csproj]
C:\Users\darre\lacesong\src\Lacesong.Core\Services\ConflictDetectionService.cs(665,41): warning CS1998: This async method lacks 'await' operators and will run synchronously. Consider using the 'await' operator to await non-blocking API calls, or 'await Task.Run(...)' to do CPU-bound work on a background thread. [C:\Users\darre\lacesong\src\Lacesong.Core\Lacesong.Core.csproj]
C:\Users\darre\lacesong\src\Lacesong.Core\Services\ConflictDetectionService.cs(671,42): warning CS1998: This async method lacks 'await' operators and will run synchronously. Consider using the 'await' operator to await non-blocking API calls, or 'await Task.Run(...)' to do CPU-bound work on a background thread. [C:\Users\darre\lacesong\src\Lacesong.Core\Lacesong.Core.csproj]
C:\Users\darre\lacesong\src\Lacesong.Core\Services\ModManager.cs(513,34): warning CS1998: This async method lacks 'await' operators and will run synchronously. Consider using the 'await' operator to await non-blocking API calls, or 'await Task.Run(...)' to do CPU-bound work on a background thread. [C:\Users\darre\lacesong\src\Lacesong.Core\Lacesong.Core.csproj]
C:\Users\darre\lacesong\src\Lacesong.Core\Services\ModManager.cs(734,41): warning CS1998: This async method lacks 'await' operators and will run synchronously. Consider using the 'await' operator to await non-blocking API calls, or 'await Task.Run(...)' to do CPU-bound work on a background thread. [C:\Users\darre\lacesong\src\Lacesong.Core\Lacesong.Core.csproj]
C:\Users\darre\lacesong\src\Lacesong.Core\Services\InstallationStager.cs(353,19): warning CA2022: Avoid inexact read with 'System.IO.Stream.ReadAsync(byte[], int, int)' (https://learn.microsoft.com/dotnet/fundamentals/code-analysis/quality-rules/ca2022) [C:\Users\darre\lacesong\src\Lacesong.Core\Lacesong.Core.csproj]
C:\Users\darre\lacesong\src\Lacesong.Core\Services\GameDetector.cs(515,29): warning CA1416: This call site is reachable on all platforms. 'RegistryKey.OpenSubKey(string)' is only supported on: 'windows'. (https://learn.microsoft.com/dotnet/fundamentals/code-analysis/quality-rules/ca1416) [C:\Users\darre\lacesong\src\Lacesong.Core\Lacesong.Core.csproj]
C:\Users\darre\lacesong\src\Lacesong.Core\Services\GameDetector.cs(516,24): warning CA1416: This call site is reachable on all platforms. 'RegistryKey.GetValue(string?)' is only supported on: 'windows'. (https://learn.microsoft.com/dotnet/fundamentals/code-analysis/quality-rules/ca1416) [C:\Users\darre\lacesong\src\Lacesong.Core\Lacesong.Core.csproj]
C:\Users\darre\lacesong\src\Lacesong.Core\Services\GameDetector.cs(515,29): warning CA1416: This call site is reachable on all platforms. 'Registry.LocalMachine' is only supported on: 'windows'. (https://learn.microsoft.com/dotnet/fundamentals/code-analysis/quality-rules/ca1416) [C:\Users\darre\lacesong\src\Lacesong.Core\Lacesong.Core.csproj]
C:\Users\darre\lacesong\src\Lacesong.Core\Services\GameDetector.cs(528,29): warning CA1416: This call site is reachable on all platforms. 'Registry.LocalMachine' is only supported on: 'windows'. (https://learn.microsoft.com/dotnet/fundamentals/code-analysis/quality-rules/ca1416) [C:\Users\darre\lacesong\src\Lacesong.Core\Lacesong.Core.csproj]
C:\Users\darre\lacesong\src\Lacesong.Core\Services\GameDetector.cs(529,24): warning CA1416: This call site is reachable on all platforms. 'RegistryKey.GetValue(string?)' is only supported on: 'windows'. (https://learn.microsoft.com/dotnet/fundamentals/code-analysis/quality-rules/ca1416) [C:\Users\darre\lacesong\src\Lacesong.Core\Lacesong.Core.csproj]
C:\Users\darre\lacesong\src\Lacesong.Core\Services\GameDetector.cs(528,29): warning CA1416: This call site is reachable on all platforms. 'RegistryKey.OpenSubKey(string)' is only supported on: 'windows'. (https://learn.microsoft.com/dotnet/fundamentals/code-analysis/quality-rules/ca1416) [C:\Users\darre\lacesong\src\Lacesong.Core\Lacesong.Core.csproj]
C:\Users\darre\lacesong\src\Lacesong.Core\Services\GameDetector.cs(552,33): warning CA1416: This call site is reachable on all platforms. 'Registry.LocalMachine' is only supported on: 'windows'. (https://learn.microsoft.com/dotnet/fundamentals/code-analysis/quality-rules/ca1416) [C:\Users\darre\lacesong\src\Lacesong.Core\Lacesong.Core.csproj]
C:\Users\darre\lacesong\src\Lacesong.Core\Services\GameDetector.cs(553,39): warning CA1416: This call site is reachable on all platforms. 'RegistryKey.GetValue(string?)' is only supported on: 'windows'. (https://learn.microsoft.com/dotnet/fundamentals/code-analysis/quality-rules/ca1416) [C:\Users\darre\lacesong\src\Lacesong.Core\Lacesong.Core.csproj]
C:\Users\darre\lacesong\src\Lacesong.Core\Services\GameDetector.cs(552,33): warning CA1416: This call site is reachable on all platforms. 'RegistryKey.OpenSubKey(string)' is only supported on: 'windows'. (https://learn.microsoft.com/dotnet/fundamentals/code-analysis/quality-rules/ca1416) [C:\Users\darre\lacesong\src\Lacesong.Core\Lacesong.Core.csproj]
C:\Users\darre\lacesong\src\Lacesong.Core\Services\GameDetector.cs(651,54): warning CA1416: This call site is reachable on all platforms. 'RegistryKey.GetValue(string?)' is only supported on: 'windows'. (https://learn.microsoft.com/dotnet/fundamentals/code-analysis/quality-rules/ca1416) [C:\Users\darre\lacesong\src\Lacesong.Core\Lacesong.Core.csproj]
C:\Users\darre\lacesong\src\Lacesong.Core\Services\GameDetector.cs(650,48): warning CA1416: This call site is reachable on all platforms. 'RegistryKey.OpenSubKey(string)' is only supported on: 'windows'. (https://learn.microsoft.com/dotnet/fundamentals/code-analysis/quality-rules/ca1416) [C:\Users\darre\lacesong\src\Lacesong.Core\Lacesong.Core.csproj]
C:\Users\darre\lacesong\src\Lacesong.Core\Services\GameDetector.cs(641,33): warning CA1416: This call site is reachable on all platforms. 'Registry.LocalMachine' is only supported on: 'windows'. (https://learn.microsoft.com/dotnet/fundamentals/code-analysis/quality-rules/ca1416) [C:\Users\darre\lacesong\src\Lacesong.Core\Lacesong.Core.csproj]
C:\Users\darre\lacesong\src\Lacesong.Core\Services\GameDetector.cs(645,39): warning CA1416: This call site is reachable on all platforms. 'RegistryKey.GetSubKeyNames()' is only supported on: 'windows'. (https://learn.microsoft.com/dotnet/fundamentals/code-analysis/quality-rules/ca1416) [C:\Users\darre\lacesong\src\Lacesong.Core\Lacesong.Core.csproj]
C:\Users\darre\lacesong\src\Lacesong.Core\Services\GameDetector.cs(641,33): warning CA1416: This call site is reachable on all platforms. 'RegistryKey.OpenSubKey(string)' is only supported on: 'windows'. (https://learn.microsoft.com/dotnet/fundamentals/code-analysis/quality-rules/ca1416) [C:\Users\darre\lacesong\src\Lacesong.Core\Lacesong.Core.csproj]
C:\Users\darre\lacesong\src\Lacesong.Core\Lacesong.Core.csproj : warning NU1903: Package 'Microsoft.Extensions.Caching.Memory' 8.0.0 has a known high severity vulnerability, https://github.com/advisories/GHSA-qj66-m88j-hmgj
    68 Warning(s)
    0 Error(s)

Time Elapsed 00:00:01.12
Building CLI application...
C:\Users\darre\lacesong\src\Lacesong.Core\Lacesong.Core.csproj : warning NU1903: Package 'Microsoft.Extensions.Caching.Memory' 8.0.0 has a known high severity vulnerability, https://github.com/advisories/GHSA-qj66-m88j-hmgj
  Lacesong.Core -> C:\Users\darre\lacesong\src\Lacesong.Core\bin\Debug\net9.0\Lacesong.Core.dll
C:\Users\darre\lacesong\src\Lacesong.Core\Lacesong.Core.csproj : warning NU1903: Package 'Microsoft.Extensions.Caching.Memory' 8.0.0 has a known high severity vulnerability, https://github.com/advisories/GHSA-qj66-m88j-hmgj
  Lacesong.CLI -> C:\Users\darre\lacesong\src\Lacesong.CLI\bin\Debug\net9.0\win-x64\modman.dll

Build succeeded.

C:\Users\darre\lacesong\src\Lacesong.Core\Lacesong.Core.csproj : warning NU1903: Package 'Microsoft.Extensions.Caching.Memory' 8.0.0 has a known high severity vulnerability, https://github.com/advisories/GHSA-qj66-m88j-hmgj
C:\Users\darre\lacesong\src\Lacesong.Core\Lacesong.Core.csproj : warning NU1903: Package 'Microsoft.Extensions.Caching.Memory' 8.0.0 has a known high severity vulnerability, https://github.com/advisories/GHSA-qj66-m88j-hmgj
    2 Warning(s)
    0 Error(s)

Time Elapsed 00:00:00.99
Building WPF application...
C:\Users\darre\lacesong\src\Lacesong.WPF\Lacesong.WPF.csproj : warning NU1604: Project dependency System.Text.Json does not contain an inclusive lower bound. Include a lower bound in the dependency version to ensure consistent restore results.
C:\Users\darre\lacesong\src\Lacesong.WPF\Lacesong.WPF.csproj : warning NU1903: Package 'Microsoft.Extensions.Caching.Memory' 8.0.0 has a known high severity vulnerability, https://github.com/advisories/GHSA-qj66-m88j-hmgj
C:\Users\darre\lacesong\src\Lacesong.WPF\Lacesong.WPF.csproj : warning NU1701: Package 'System.Text.Json 1.0.0' was restored using '.NETFramework,Version=v4.6.1, .NETFramework,Version=v4.6.2, .NETFramework,Version=v4.7, .NETFramework,Version=v4.7.1, .NETFramework,Version=v4.7.2, .NETFramework,Version=v4.8, .NETFramework,Version=v4.8.1' instead of the project target framework 'net9.0-windows7.0'. This package may not be fully compatible with your project.
C:\Users\darre\lacesong\src\Lacesong.Core\Lacesong.Core.csproj : warning NU1903: Package 'Microsoft.Extensions.Caching.Memory' 8.0.0 has a known high severity vulnerability, https://github.com/advisories/GHSA-qj66-m88j-hmgj
  Lacesong.Core -> C:\Users\darre\lacesong\src\Lacesong.Core\bin\Debug\net9.0\Lacesong.Core.dll
C:\Users\darre\lacesong\src\Lacesong.Core\Lacesong.Core.csproj : warning NU1903: Package 'Microsoft.Extensions.Caching.Memory' 8.0.0 has a known high severity vulnerability, https://github.com/advisories/GHSA-qj66-m88j-hmgj
C:\Users\darre\lacesong\src\Lacesong.WPF\Lacesong.WPF_bxtuwzbe_wpftmp.csproj : warning NU1604: Project dependency System.Text.Json does not contain an inclusive lower bound. Include a lower bound in the dependency version to ensure consistent restore results.
C:\Users\darre\lacesong\src\Lacesong.WPF\Lacesong.WPF_bxtuwzbe_wpftmp.csproj : warning NU1903: Package 'Microsoft.Extensions.Caching.Memory' 8.0.0 has a known high severity vulnerability, https://github.com/advisories/GHSA-qj66-m88j-hmgj
C:\Users\darre\lacesong\src\Lacesong.WPF\Lacesong.WPF_bxtuwzbe_wpftmp.csproj : warning NU1701: Package 'System.Text.Json 1.0.0' was restored using '.NETFramework,Version=v4.6.1, .NETFramework,Version=v4.6.2, .NETFramework,Version=v4.7, .NETFramework,Version=v4.7.1, .NETFramework,Version=v4.7.2, .NETFramework,Version=v4.8, .NETFramework,Version=v4.8.1' instead of the project target framework 'net9.0-windows7.0'. This package may not be fully compatible with your project.
C:\Users\darre\lacesong\src\Lacesong.WPF\obj\Debug\net9.0-windows\win-x64\App.g.cs(70,28): warning CS7022: The entry point of the program is global code; ignoring 'App.Main()' entry point. [C:\Users\darre\lacesong\src\Lacesong.WPF\Lacesong.WPF_bxtuwzbe_wpftmp.csproj]
C:\Users\darre\lacesong\src\Lacesong.WPF\Services\IDialogService.cs(1,10): error CS8112: Local function 'ShowModDetailsAsync(ThunderstorePackage)' must declare a body because it is not marked 'static extern'. [C:\Users\darre\lacesong\src\Lacesong.WPF\Lacesong.WPF_bxtuwzbe_wpftmp.csproj]
C:\Users\darre\lacesong\src\Lacesong.WPF\Services\IDialogService.cs(1,30): error CS0246: The type or namespace name 'ThunderstorePackage' could not be found (are you missing a using directive or an assembly reference?) [C:\Users\darre\lacesong\src\Lacesong.WPF\Lacesong.WPF_bxtuwzbe_wpftmp.csproj]
C:\Users\darre\lacesong\src\Lacesong.WPF\Services\IDialogService.cs(1,10): warning CS8321: The local function 'ShowModDetailsAsync' is declared but never used [C:\Users\darre\lacesong\src\Lacesong.WPF\Lacesong.WPF_bxtuwzbe_wpftmp.csproj]
C:\Users\darre\lacesong\src\Lacesong.WPF\Converters\ActiveViewConverter.cs(12,20): warning CS8603: Possible null reference return. [C:\Users\darre\lacesong\src\Lacesong.WPF\Lacesong.WPF_bxtuwzbe_wpftmp.csproj]
C:\Users\darre\lacesong\src\Lacesong.WPF\Converters\ActiveViewConverter.cs(14,16): warning CS8603: Possible null reference return. [C:\Users\darre\lacesong\src\Lacesong.WPF\Lacesong.WPF_bxtuwzbe_wpftmp.csproj]
C:\Users\darre\lacesong\src\Lacesong.WPF\Services\ContentDialogService.cs(21,29): warning CS1998: This async method lacks 'await' operators and will run synchronously. Consider using the 'await' operator to await non-blocking API calls, or 'await Task.Run(...)' to do CPU-bound work on a background thread. [C:\Users\darre\lacesong\src\Lacesong.WPF\Lacesong.WPF_bxtuwzbe_wpftmp.csproj]
C:\Users\darre\lacesong\src\Lacesong.WPF\Services\ContentDialogService.cs(28,32): warning CS1998: This async method lacks 'await' operators and will run synchronously. Consider using the 'await' operator to await non-blocking API calls, or 'await Task.Run(...)' to do CPU-bound work on a background thread. [C:\Users\darre\lacesong\src\Lacesong.WPF\Lacesong.WPF_bxtuwzbe_wpftmp.csproj]
C:\Users\darre\lacesong\src\Lacesong.WPF\ViewModels\BepInExInstallViewModel.cs(131,21): warning CS8604: Possible null reference argument for parameter 'message' in 'void ISnackbarService.Show(string title, string message, object appearance, object icon, TimeSpan duration)'. [C:\Users\darre\lacesong\src\Lacesong.WPF\Lacesong.WPF_bxtuwzbe_wpftmp.csproj]
C:\Users\darre\lacesong\src\Lacesong.WPF\ViewModels\BepInExInstallViewModel.cs(172,21): warning CS8604: Possible null reference argument for parameter 'message' in 'void ISnackbarService.Show(string title, string message, object appearance, object icon, TimeSpan duration)'. [C:\Users\darre\lacesong\src\Lacesong.WPF\Lacesong.WPF_bxtuwzbe_wpftmp.csproj]
C:\Users\darre\lacesong\src\Lacesong.WPF\ViewModels\MainViewModel.cs(256,9): warning CS4014: Because this call is not awaited, execution of the current method continues before the call is completed. Consider applying the 'await' operator to the result of the call. [C:\Users\darre\lacesong\src\Lacesong.WPF\Lacesong.WPF_bxtuwzbe_wpftmp.csproj]
C:\Users\darre\lacesong\src\Lacesong.WPF\ViewModels\ModCatalogViewModel.cs(413,21): warning CS8604: Possible null reference argument for parameter 'message' in 'void ISnackbarService.Show(string title, string message, object appearance, object icon, TimeSpan duration)'. [C:\Users\darre\lacesong\src\Lacesong.WPF\Lacesong.WPF_bxtuwzbe_wpftmp.csproj]
C:\Users\darre\lacesong\src\Lacesong.WPF\ViewModels\ModCatalogViewModel.cs(487,21): warning CS8604: Possible null reference argument for parameter 'message' in 'void ISnackbarService.Show(string title, string message, object appearance, object icon, TimeSpan duration)'. [C:\Users\darre\lacesong\src\Lacesong.WPF\Lacesong.WPF_bxtuwzbe_wpftmp.csproj]

Build FAILED.

C:\Users\darre\lacesong\src\Lacesong.WPF\Lacesong.WPF.csproj : warning NU1604: Project dependency System.Text.Json does not contain an inclusive lower bound. Include a lower bound in the dependency version to ensure consistent restore results.
C:\Users\darre\lacesong\src\Lacesong.WPF\Lacesong.WPF.csproj : warning NU1903: Package 'Microsoft.Extensions.Caching.Memory' 8.0.0 has a known high severity vulnerability, https://github.com/advisories/GHSA-qj66-m88j-hmgj
C:\Users\darre\lacesong\src\Lacesong.WPF\Lacesong.WPF.csproj : warning NU1701: Package 'System.Text.Json 1.0.0' was restored using '.NETFramework,Version=v4.6.1, .NETFramework,Version=v4.6.2, .NETFramework,Version=v4.7, .NETFramework,Version=v4.7.1, .NETFramework,Version=v4.7.2, .NETFramework,Version=v4.8, .NETFramework,Version=v4.8.1' instead of the project target framework 'net9.0-windows7.0'. This package may not be fully compatible with your project.
C:\Users\darre\lacesong\src\Lacesong.Core\Lacesong.Core.csproj : warning NU1903: Package 'Microsoft.Extensions.Caching.Memory' 8.0.0 has a known high severity vulnerability, https://github.com/advisories/GHSA-qj66-m88j-hmgj
C:\Users\darre\lacesong\src\Lacesong.Core\Lacesong.Core.csproj : warning NU1903: Package 'Microsoft.Extensions.Caching.Memory' 8.0.0 has a known high severity vulnerability, https://github.com/advisories/GHSA-qj66-m88j-hmgj
C:\Users\darre\lacesong\src\Lacesong.WPF\Lacesong.WPF_bxtuwzbe_wpftmp.csproj : warning NU1604: Project dependency System.Text.Json does not contain an inclusive lower bound. Include a lower bound in the dependency version to ensure consistent restore results.
C:\Users\darre\lacesong\src\Lacesong.WPF\Lacesong.WPF_bxtuwzbe_wpftmp.csproj : warning NU1903: Package 'Microsoft.Extensions.Caching.Memory' 8.0.0 has a known high severity vulnerability, https://github.com/advisories/GHSA-qj66-m88j-hmgj
C:\Users\darre\lacesong\src\Lacesong.WPF\Lacesong.WPF_bxtuwzbe_wpftmp.csproj : warning NU1701: Package 'System.Text.Json 1.0.0' was restored using '.NETFramework,Version=v4.6.1, .NETFramework,Version=v4.6.2, .NETFramework,Version=v4.7, .NETFramework,Version=v4.7.1, .NETFramework,Version=v4.7.2, .NETFramework,Version=v4.8, .NETFramework,Version=v4.8.1' instead of the project target framework 'net9.0-windows7.0'. This package may not be fully compatible with your project.
C:\Users\darre\lacesong\src\Lacesong.WPF\obj\Debug\net9.0-windows\win-x64\App.g.cs(70,28): warning CS7022: The entry point of the program is global code; ignoring 'App.Main()' entry point. [C:\Users\darre\lacesong\src\Lacesong.WPF\Lacesong.WPF_bxtuwzbe_wpftmp.csproj]
C:\Users\darre\lacesong\src\Lacesong.WPF\Services\IDialogService.cs(1,10): warning CS8321: The local function 'ShowModDetailsAsync' is declared but never used [C:\Users\darre\lacesong\src\Lacesong.WPF\Lacesong.WPF_bxtuwzbe_wpftmp.csproj]
C:\Users\darre\lacesong\src\Lacesong.WPF\Converters\ActiveViewConverter.cs(12,20): warning CS8603: Possible null reference return. [C:\Users\darre\lacesong\src\Lacesong.WPF\Lacesong.WPF_bxtuwzbe_wpftmp.csproj]
C:\Users\darre\lacesong\src\Lacesong.WPF\Converters\ActiveViewConverter.cs(14,16): warning CS8603: Possible null reference return. [C:\Users\darre\lacesong\src\Lacesong.WPF\Lacesong.WPF_bxtuwzbe_wpftmp.csproj]
C:\Users\darre\lacesong\src\Lacesong.WPF\Services\ContentDialogService.cs(21,29): warning CS1998: This async method lacks 'await' operators and will run synchronously. Consider using the 'await' operator to await non-blocking API calls, or 'await Task.Run(...)' to do CPU-bound work on a background thread. [C:\Users\darre\lacesong\src\Lacesong.WPF\Lacesong.WPF_bxtuwzbe_wpftmp.csproj]
C:\Users\darre\lacesong\src\Lacesong.WPF\Services\ContentDialogService.cs(28,32): warning CS1998: This async method lacks 'await' operators and will run synchronously. Consider using the 'await' operator to await non-blocking API calls, or 'await Task.Run(...)' to do CPU-bound work on a background thread. [C:\Users\darre\lacesong\src\Lacesong.WPF\Lacesong.WPF_bxtuwzbe_wpftmp.csproj]
C:\Users\darre\lacesong\src\Lacesong.WPF\ViewModels\BepInExInstallViewModel.cs(131,21): warning CS8604: Possible null reference argument for parameter 'message' in 'void ISnackbarService.Show(string title, string message, object appearance, object icon, TimeSpan duration)'. [C:\Users\darre\lacesong\src\Lacesong.WPF\Lacesong.WPF_bxtuwzbe_wpftmp.csproj]
C:\Users\darre\lacesong\src\Lacesong.WPF\ViewModels\BepInExInstallViewModel.cs(172,21): warning CS8604: Possible null reference argument for parameter 'message' in 'void ISnackbarService.Show(string title, string message, object appearance, object icon, TimeSpan duration)'. [C:\Users\darre\lacesong\src\Lacesong.WPF\Lacesong.WPF_bxtuwzbe_wpftmp.csproj]
C:\Users\darre\lacesong\src\Lacesong.WPF\ViewModels\MainViewModel.cs(256,9): warning CS4014: Because this call is not awaited, execution of the current method continues before the call is completed. Consider applying the 'await' operator to the result of the call. [C:\Users\darre\lacesong\src\Lacesong.WPF\Lacesong.WPF_bxtuwzbe_wpftmp.csproj]
C:\Users\darre\lacesong\src\Lacesong.WPF\ViewModels\ModCatalogViewModel.cs(413,21): warning CS8604: Possible null reference argument for parameter 'message' in 'void ISnackbarService.Show(string title, string message, object appearance, object icon, TimeSpan duration)'. [C:\Users\darre\lacesong\src\Lacesong.WPF\Lacesong.WPF_bxtuwzbe_wpftmp.csproj]
C:\Users\darre\lacesong\src\Lacesong.WPF\ViewModels\ModCatalogViewModel.cs(487,21): warning CS8604: Possible null reference argument for parameter 'message' in 'void ISnackbarService.Show(string title, string message, object appearance, object icon, TimeSpan duration)'. [C:\Users\darre\lacesong\src\Lacesong.WPF\Lacesong.WPF_bxtuwzbe_wpftmp.csproj]
C:\Users\darre\lacesong\src\Lacesong.WPF\Services\IDialogService.cs(1,10): error CS8112: Local function 'ShowModDetailsAsync(ThunderstorePackage)' must declare a body because it is not marked 'static extern'. [C:\Users\darre\lacesong\src\Lacesong.WPF\Lacesong.WPF_bxtuwzbe_wpftmp.csproj]
C:\Users\darre\lacesong\src\Lacesong.WPF\Services\IDialogService.cs(1,30): error CS0246: The type or namespace name 'ThunderstorePackage' could not be found (are you missing a using directive or an assembly reference?) [C:\Users\darre\lacesong\src\Lacesong.WPF\Lacesong.WPF_bxtuwzbe_wpftmp.csproj]
    19 Warning(s)
    2 Error(s)

Time Elapsed 00:00:01.57
Creating development output directories...
Publishing WPF application for development...
C:\Users\darre\lacesong\src\Lacesong.WPF\Lacesong.WPF.csproj : warning NU1604: Project dependency System.Text.Json does not contain an inclusive lower bound. Include a lower bound in the dependency version to ensure consistent restore results.
C:\Users\darre\lacesong\src\Lacesong.WPF\Lacesong.WPF.csproj : warning NU1903: Package 'Microsoft.Extensions.Caching.Memory' 8.0.0 has a known high severity vulnerability, https://github.com/advisories/GHSA-qj66-m88j-hmgj
C:\Users\darre\lacesong\src\Lacesong.WPF\Lacesong.WPF.csproj : warning NU1701: Package 'System.Text.Json 1.0.0' was restored using '.NETFramework,Version=v4.6.1, .NETFramework,Version=v4.6.2, .NETFramework,Version=v4.7, .NETFramework,Version=v4.7.1, .NETFramework,Version=v4.7.2, .NETFramework,Version=v4.8, .NETFramework,Version=v4.8.1' instead of the project target framework 'net9.0-windows7.0'. This package may not be fully compatible with your project.
C:\Users\darre\lacesong\src\Lacesong.Core\Lacesong.Core.csproj : warning NU1903: Package 'Microsoft.Extensions.Caching.Memory' 8.0.0 has a known high severity vulnerability, https://github.com/advisories/GHSA-qj66-m88j-hmgj
C:\Program Files\dotnet\sdk\9.0.301\Sdks\Microsoft.NET.Sdk\targets\Microsoft.NET.Publish.targets(364,5): error MSB3030: Could not copy the file "C:\Users\darre\lacesong\src\Lacesong.WPF\bin\Debug\net9.0-windows\win-x64\Lacesong.WPF.deps.json" because it was not found. [C:\Users\darre\lacesong\src\Lacesong.WPF\Lacesong.WPF.csproj]
C:\Program Files\dotnet\sdk\9.0.301\Sdks\Microsoft.NET.Sdk\targets\Microsoft.NET.Publish.targets(364,5): error MSB3030: Could not copy the file "obj\Debug\net9.0-windows\win-x64\Lacesong.WPF.dll" because it was not found. [C:\Users\darre\lacesong\src\Lacesong.WPF\Lacesong.WPF.csproj]
C:\Program Files\dotnet\sdk\9.0.301\Sdks\Microsoft.NET.Sdk\targets\Microsoft.NET.Publish.targets(364,5): error MSB3030: Could not copy the file "C:\Users\darre\lacesong\src\Lacesong.WPF\bin\Debug\net9.0-windows\win-x64\Lacesong.WPF.runtimeconfig.json" because it was not found. [C:\Users\darre\lacesong\src\Lacesong.WPF\Lacesong.WPF.csproj]
C:\Program Files\dotnet\sdk\9.0.301\Sdks\Microsoft.NET.Sdk\targets\Microsoft.NET.Publish.targets(364,5): error MSB3030: Could not copy the file "obj\Debug\net9.0-windows\win-x64\Lacesong.WPF.pdb" because it was not found. [C:\Users\darre\lacesong\src\Lacesong.WPF\Lacesong.WPF.csproj]
Publishing CLI application for development...
C:\Users\darre\lacesong\src\Lacesong.Core\Lacesong.Core.csproj : warning NU1903: Package 'Microsoft.Extensions.Caching.Memory' 8.0.0 has a known high severity vulnerability, https://github.com/advisories/GHSA-qj66-m88j-hmgj
  Lacesong.CLI -> C:\Users\darre\lacesong\dev-build\CLI\
Development build completed successfully!

Applications ready in ./dev-build/:
   - WPF: ./dev-build/WPF/Lacesong.WPF.exe
   - CLI: ./dev-build/CLI/modman.exe

To run the WPF application:
   ./dev-build/WPF/Lacesong.WPF.exe

To run the CLI application:
   ./dev-build/CLI/modman.exe --help

Ready for development!
